// Jest Snapshot v1, https://jestjs.io/docs/snapshot-testing

exports[`tool metadata characterization keeps risk, confirmation, side effect, deferral and Google gating 1`] = `
[
  {
    "deferred": false,
    "gate": {
      "all": null,
      "calendarReadonly": null,
      "gmailReadonly": null,
      "none": null,
    },
    "name": "action.history",
    "requiresConfirmation": false,
    "risk": "low",
    "sideEffect": false,
  },
  {
    "deferred": true,
    "gate": {
      "all": null,
      "calendarReadonly": null,
      "gmailReadonly": null,
      "none": null,
    },
    "name": "analytics.forecast",
    "requiresConfirmation": false,
    "risk": "low",
    "sideEffect": true,
  },
  {
    "deferred": true,
    "gate": {
      "all": null,
      "calendarReadonly": null,
      "gmailReadonly": null,
      "none": null,
    },
    "name": "analytics.trend",
    "requiresConfirmation": false,
    "risk": "low",
    "sideEffect": false,
  },
  {
    "deferred": true,
    "gate": {
      "all": null,
      "calendarReadonly": null,
      "gmailReadonly": null,
      "none": null,
    },
    "name": "budget.set",
    "requiresConfirmation": false,
    "risk": "low",
    "sideEffect": true,
  },
  {
    "deferred": true,
    "gate": {
      "all": null,
      "calendarReadonly": null,
      "gmailReadonly": null,
      "none": null,
    },
    "name": "budget.status",
    "requiresConfirmation": false,
    "risk": "low",
    "sideEffect": false,
  },
  {
    "deferred": false,
    "gate": {
      "all": null,
      "calendarReadonly": "CALENDAR_SCOPE_MISSING",
      "gmailReadonly": "CALENDAR_SCOPE_MISSING",
      "none": "GOOGLE_NOT_CONNECTED",
    },
    "name": "calendar.create",
    "requiresConfirmation": true,
    "risk": "medium",
    "sideEffect": true,
  },
  {
    "deferred": false,
    "gate": {
      "all": null,
      "calendarReadonly": "CALENDAR_SCOPE_MISSING",
      "gmailReadonly": "CALENDAR_SCOPE_MISSING",
      "none": "GOOGLE_NOT_CONNECTED",
    },
    "name": "calendar.delete",
    "requiresConfirmation": true,
    "risk": "high",
    "sideEffect": true,
  },
  {
    "deferred": false,
    "gate": {
      "all": null,
      "calendarReadonly": null,
      "gmailReadonly": "CALENDAR_SCOPE_MISSING",
      "none": "GOOGLE_NOT_CONNECTED",
    },
    "name": "calendar.duration",
    "requiresConfirmation": false,
    "risk": "low",
    "sideEffect": false,
  },
  {
    "deferred": false,
    "gate": {
      "all": null,
      "calendarReadonly": null,
      "gmailReadonly": "CALENDAR_SCOPE_MISSING",
      "none": "GOOGLE_NOT_CONNECTED",
    },
    "name": "calendar.has",
    "requiresConfirmation": false,
    "risk": "low",
    "sideEffect": false,
  },
  {
    "deferred": false,
    "gate": {
      "all": null,
      "calendarReadonly": null,
      "gmailReadonly": "CALENDAR_SCOPE_MISSING",
      "none": "GOOGLE_NOT_CONNECTED",
    },
    "name": "calendar.list",
    "requiresConfirmation": false,
    "risk": "low",
    "sideEffect": false,
  },
  {
    "deferred": false,
    "gate": {
      "all": null,
      "calendarReadonly": "CALENDAR_SCOPE_MISSING",
      "gmailReadonly": "CALENDAR_SCOPE_MISSING",
      "none": "GOOGLE_NOT_CONNECTED",
    },
    "name": "calendar.update",
    "requiresConfirmation": true,
    "risk": "medium",
    "sideEffect": true,
  },
  {
    "deferred": false,
    "gate": {
      "all": null,
      "calendarReadonly": null,
      "gmailReadonly": null,
      "none": null,
    },
    "name": "conflict.detect",
    "requiresConfirmation": false,
    "risk": "low",
    "sideEffect": false,
  },
  {
    "deferred": false,
    "gate": {
      "all": null,
      "calendarReadonly": null,
      "gmailReadonly": null,
      "none": null,
    },
    "name": "contact.delete",
    "requiresConfirmation": true,
    "risk": "medium",
    "sideEffect": true,
  },
  {
    "deferred": false,
    "gate": {
      "all": null,
      "calendarReadonly": null,
      "gmailReadonly": null,
      "none": null,
    },
    "name": "contact.find",
    "requiresConfirmation": false,
    "risk": "low",
    "sideEffect": false,
  },
  {
    "deferred": false,
    "gate": {
      "all": null,
      "calendarReadonly": null,
      "gmailReadonly": null,
      "none": null,
    },
    "name": "contact.list",
    "requiresConfirmation": false,
    "risk": "low",
    "sideEffect": false,
  },
  {
    "deferred": false,
    "gate": {
      "all": null,
      "calendarReadonly": null,
      "gmailReadonly": null,
      "none": null,
    },
    "name": "contact.save",
    "requiresConfirmation": false,
    "risk": "low",
    "sideEffect": true,
  },
  {
    "deferred": false,
    "gate": {
      "all": null,
      "calendarReadonly": null,
      "gmailReadonly": null,
      "none": null,
    },
    "name": "contact.update",
    "requiresConfirmation": false,
    "risk": "low",
    "sideEffect": true,
  },
  {
    "deferred": false,
    "gate": {
      "all": null,
      "calendarReadonly": null,
      "gmailReadonly": null,
      "none": null,
    },
    "name": "daily.briefing",
    "requiresConfirmation": false,
    "risk": "low",
    "sideEffect": false,
  },
  {
    "deferred": true,
    "gate": {
      "all": null,
      "calendarReadonly": null,
      "gmailReadonly": null,
      "none": null,
    },
    "name": "delegation.create",
    "requiresConfirmation": false,
    "risk": "low",
    "sideEffect": true,
  },
  {
    "deferred": true,
    "gate": {
      "all": null,
      "calendarReadonly": null,
      "gmailReadonly": null,
      "none": null,
    },
    "name": "delegation.escalate",
    "requiresConfirmation": true,
    "risk": "medium",
    "sideEffect": true,
  },
  {
    "deferred": true,
    "gate": {
      "all": null,
      "calendarReadonly": null,
      "gmailReadonly": null,
      "none": null,
    },
    "name": "delegation.list",
    "requiresConfirmation": false,
    "risk": "low",
    "sideEffect": false,
  },
  {
    "deferred": true,
    "gate": {
      "all": null,
      "calendarReadonly": null,
      "gmailReadonly": null,
      "none": null,
    },
    "name": "delegation.resolve",
    "requiresConfirmation": false,
    "risk": "low",
    "sideEffect": true,
  },
  {
    "deferred": false,
    "gate": {
      "all": null,
      "calendarReadonly": null,
      "gmailReadonly": null,
      "none": null,
    },
    "name": "dependency.add",
    "requiresConfirmation": false,
    "risk": "low",
    "sideEffect": true,
  },
  {
    "deferred": false,
    "gate": {
      "all": null,
      "calendarReadonly": null,
      "gmailReadonly": null,
      "none": null,
    },
    "name": "dependency.list",
    "requiresConfirmation": false,
    "risk": "low",
    "sideEffect": false,
  },
  {
    "deferred": false,
    "gate": {
      "all": null,
      "calendarReadonly": null,
      "gmailReadonly": null,
      "none": null,
    },
    "name": "dependency.order",
    "requiresConfirmation": false,
    "risk": "low",
    "sideEffect": false,
  },
  {
    "deferred": true,
    "gate": {
      "all": null,
      "calendarReadonly": null,
      "gmailReadonly": null,
      "none": null,
    },
    "name": "expense.add",
    "requiresConfirmation": false,
    "risk": "low",
    "sideEffect": true,
  },
  {
    "deferred": true,
    "gate": {
      "all": null,
      "calendarReadonly": null,
      "gmailReadonly": null,
      "none": null,
    },
    "name": "expense.list",
    "requiresConfirmation": false,
    "risk": "low",
    "sideEffect": false,
  },
  {
    "deferred": true,
    "gate": {
      "all": null,
      "calendarReadonly": null,
      "gmailReadonly": null,
      "none": null,
    },
    "name": "expense.summary",
    "requiresConfirmation": false,
    "risk": "low",
    "sideEffect": false,
  },
  {
    "deferred": false,
    "gate": {
      "all": null,
      "calendarReadonly": "GMAIL_SCOPE_MISSING",
      "gmailReadonly": "GMAIL_SCOPE_MISSING",
      "none": "GMAIL_NOT_CONNECTED",
    },
    "name": "gmail.archive",
    "requiresConfirmation": false,
    "risk": "medium",
    "sideEffect": true,
  },
  {
    "deferred": false,
    "gate": {
      "all": null,
      "calendarReadonly": "GMAIL_SCOPE_MISSING",
      "gmailReadonly": "GMAIL_SCOPE_MISSING",
      "none": "GMAIL_NOT_CONNECTED",
    },
    "name": "gmail.bulk_mark_read",
    "requiresConfirmation": true,
    "risk": "medium",
    "sideEffect": true,
  },
  {
    "deferred": true,
    "gate": {
      "all": "GMAIL_SCOPE_MISSING",
      "calendarReadonly": "GMAIL_SCOPE_MISSING",
      "gmailReadonly": "GMAIL_SCOPE_MISSING",
      "none": "GMAIL_NOT_CONNECTED",
    },
    "name": "gmail.delete",
    "requiresConfirmation": true,
    "risk": "high",
    "sideEffect": true,
  },
  {
    "deferred": false,
    "gate": {
      "all": null,
      "calendarReadonly": "GMAIL_SCOPE_MISSING",
      "gmailReadonly": null,
      "none": "GMAIL_NOT_CONNECTED",
    },
    "name": "gmail.get",
    "requiresConfirmation": false,
    "risk": "low",
    "sideEffect": false,
  },
  {
    "deferred": false,
    "gate": {
      "all": null,
      "calendarReadonly": "GMAIL_SCOPE_MISSING",
      "gmailReadonly": null,
      "none": "GMAIL_NOT_CONNECTED",
    },
    "name": "gmail.list",
    "requiresConfirmation": false,
    "risk": "low",
    "sideEffect": false,
  },
  {
    "deferred": false,
    "gate": {
      "all": null,
      "calendarReadonly": "GMAIL_SCOPE_MISSING",
      "gmailReadonly": "GMAIL_SCOPE_MISSING",
      "none": "GMAIL_NOT_CONNECTED",
    },
    "name": "gmail.mark_read",
    "requiresConfirmation": false,
    "risk": "low",
    "sideEffect": true,
  },
  {
    "deferred": false,
    "gate": {
      "all": null,
      "calendarReadonly": "GMAIL_SCOPE_MISSING",
      "gmailReadonly": "GMAIL_SCOPE_MISSING",
      "none": "GMAIL_NOT_CONNECTED",
    },
    "name": "gmail.mark_unread",
    "requiresConfirmation": false,
    "risk": "low",
    "sideEffect": true,
  },
  {
    "deferred": false,
    "gate": {
      "all": null,
      "calendarReadonly": "GMAIL_SCOPE_MISSING",
      "gmailReadonly": "GMAIL_SCOPE_MISSING",
      "none": "GMAIL_NOT_CONNECTED",
    },
    "name": "gmail.send",
    "requiresConfirmation": true,
    "risk": "high",
    "sideEffect": true,
  },
  {
    "deferred": false,
    "gate": {
      "all": null,
      "calendarReadonly": "GMAIL_SCOPE_MISSING",
      "gmailReadonly": null,
      "none": "GMAIL_NOT_CONNECTED",
    },
    "name": "gmail.summary",
    "requiresConfirmation": false,
    "risk": "low",
    "sideEffect": false,
  },
  {
    "deferred": false,
    "gate": {
      "all": null,
      "calendarReadonly": "GMAIL_SCOPE_MISSING",
      "gmailReadonly": "GMAIL_SCOPE_MISSING",
      "none": "GMAIL_NOT_CONNECTED",
    },
    "name": "gmail.trash",
    "requiresConfirmation": true,
    "risk": "high",
    "sideEffect": true,
  },
  {
    "deferred": false,
    "gate": {
      "all": null,
      "calendarReadonly": "GMAIL_SCOPE_MISSING",
      "gmailReadonly": "GMAIL_SCOPE_MISSING",
      "none": "GMAIL_NOT_CONNECTED",
    },
    "name": "gmail.unarchive",
    "requiresConfirmation": false,
    "risk": "medium",
    "sideEffect": true,
  },
  {
    "deferred": false,
    "gate": {
      "all": null,
      "calendarReadonly": "GMAIL_SCOPE_MISSING",
      "gmailReadonly": "GMAIL_SCOPE_MISSING",
      "none": "GMAIL_NOT_CONNECTED",
    },
    "name": "gmail.untrash",
    "requiresConfirmation": false,
    "risk": "medium",
    "sideEffect": true,
  },
  {
    "deferred": false,
    "gate": {
      "all": null,
      "calendarReadonly": null,
      "gmailReadonly": null,
      "none": null,
    },
    "name": "goal.create",
    "requiresConfirmation": false,
    "risk": "low",
    "sideEffect": true,
  },
  {
    "deferred": false,
    "gate": {
      "all": null,
      "calendarReadonly": null,
      "gmailReadonly": null,
      "none": null,
    },
    "name": "goal.decompose",
    "requiresConfirmation": false,
    "risk": "low",
    "sideEffect": true,
  },
  {
    "deferred": false,
    "gate": {
      "all": null,
      "calendarReadonly": null,
      "gmailReadonly": null,
      "none": null,
    },
    "name": "goal.done",
    "requiresConfirmation": false,
    "risk": "low",
    "sideEffect": true,
  },
  {
    "deferred": false,
    "gate": {
      "all": null,
      "calendarReadonly": null,
      "gmailReadonly": null,
      "none": null,
    },
    "name": "goal.list",
    "requiresConfirmation": false,
    "risk": "low",
    "sideEffect": false,
  },
  {
    "deferred": true,
    "gate": {
      "all": null,
      "calendarReadonly": null,
      "gmailReadonly": null,
      "none": null,
    },
    "name": "habit.archive",
    "requiresConfirmation": false,
    "risk": "low",
    "sideEffect": true,
  },
  {
    "deferred": true,
    "gate": {
      "all": null,
      "calendarReadonly": null,
      "gmailReadonly": null,
      "none": null,
    },
    "name": "habit.create",
    "requiresConfirmation": false,
    "risk": "low",
    "sideEffect": true,
  },
  {
    "deferred": true,
    "gate": {
      "all": null,
      "calendarReadonly": null,
      "gmailReadonly": null,
      "none": null,
    },
    "name": "habit.list",
    "requiresConfirmation": false,
    "risk": "low",
    "sideEffect": false,
  },
  {
    "deferred": true,
    "gate": {
      "all": null,
      "calendarReadonly": null,
      "gmailReadonly": null,
      "none": null,
    },
    "name": "habit.log",
    "requiresConfirmation": false,
    "risk": "low",
    "sideEffect": true,
  },
  {
    "deferred": true,
    "gate": {
      "all": null,
      "calendarReadonly": null,
      "gmailReadonly": null,
      "none": null,
    },
    "name": "habit.streak",
    "requiresConfirmation": false,
    "risk": "low",
    "sideEffect": false,
  },
  {
    "deferred": false,
    "gate": {
      "all": null,
      "calendarReadonly": null,
      "gmailReadonly": null,
      "none": null,
    },
    "name": "help.create",
    "requiresConfirmation": false,
    "risk": "low",
    "sideEffect": true,
  },
  {
    "deferred": false,
    "gate": {
      "all": null,
      "calendarReadonly": null,
      "gmailReadonly": null,
      "none": null,
    },
    "name": "help.find",
    "requiresConfirmation": false,
    "risk": "low",
    "sideEffect": false,
  },
  {
    "deferred": false,
    "gate": {
      "all": null,
      "calendarReadonly": null,
      "gmailReadonly": null,
      "none": null,
    },
    "name": "knowledge.find",
    "requiresConfirmation": false,
    "risk": "low",
    "sideEffect": false,
  },
  {
    "deferred": false,
    "gate": {
      "all": null,
      "calendarReadonly": null,
      "gmailReadonly": null,
      "none": null,
    },
    "name": "knowledge.list",
    "requiresConfirmation": false,
    "risk": "low",
    "sideEffect": false,
  },
  {
    "deferred": false,
    "gate": {
      "all": null,
      "calendarReadonly": null,
      "gmailReadonly": null,
      "none": null,
    },
    "name": "knowledge.save",
    "requiresConfirmation": false,
    "risk": "low",
    "sideEffect": true,
  },
  {
    "deferred": false,
    "gate": {
      "all": null,
      "calendarReadonly": null,
      "gmailReadonly": null,
      "none": null,
    },
    "name": "memory.forget",
    "requiresConfirmation": true,
    "risk": "low",
    "sideEffect": true,
  },
  {
    "deferred": false,
    "gate": {
      "all": null,
      "calendarReadonly": null,
      "gmailReadonly": null,
      "none": null,
    },
    "name": "memory.list",
    "requiresConfirmation": false,
    "risk": "low",
    "sideEffect": false,
  },
  {
    "deferred": false,
    "gate": {
      "all": null,
      "calendarReadonly": null,
      "gmailReadonly": null,
      "none": null,
    },
    "name": "memory.remember",
    "requiresConfirmation": true,
    "risk": "low",
    "sideEffect": true,
  },
  {
    "deferred": false,
    "gate": {
      "all": null,
      "calendarReadonly": null,
      "gmailReadonly": null,
      "none": null,
    },
    "name": "mission.close",
    "requiresConfirmation": true,
    "risk": "medium",
    "sideEffect": true,
  },
  {
    "deferred": false,
    "gate": {
      "all": null,
      "calendarReadonly": null,
      "gmailReadonly": null,
      "none": null,
    },
    "name": "mission.list",
    "requiresConfirmation": false,
    "risk": "low",
    "sideEffect": false,
  },
  {
    "deferred": false,
    "gate": {
      "all": null,
      "calendarReadonly": null,
      "gmailReadonly": null,
      "none": null,
    },
    "name": "mission.plan",
    "requiresConfirmation": false,
    "risk": "low",
    "sideEffect": true,
  },
  {
    "deferred": false,
    "gate": {
      "all": null,
      "calendarReadonly": null,
      "gmailReadonly": null,
      "none": null,
    },
    "name": "note.add",
    "requiresConfirmation": false,
    "risk": "low",
    "sideEffect": true,
  },
  {
    "deferred": false,
    "gate": {
      "all": null,
      "calendarReadonly": null,
      "gmailReadonly": null,
      "none": null,
    },
    "name": "note.delete",
    "requiresConfirmation": true,
    "risk": "high",
    "sideEffect": true,
  },
  {
    "deferred": false,
    "gate": {
      "all": null,
      "calendarReadonly": null,
      "gmailReadonly": null,
      "none": null,
    },
    "name": "note.list",
    "requiresConfirmation": false,
    "risk": "low",
    "sideEffect": false,
  },
  {
    "deferred": false,
    "gate": {
      "all": null,
      "calendarReadonly": null,
      "gmailReadonly": null,
      "none": null,
    },
    "name": "note.search",
    "requiresConfirmation": false,
    "risk": "low",
    "sideEffect": false,
  },
  {
    "deferred": false,
    "gate": {
      "all": null,
      "calendarReadonly": null,
      "gmailReadonly": null,
      "none": null,
    },
    "name": "note.update",
    "requiresConfirmation": false,
    "risk": "low",
    "sideEffect": true,
  },
  {
    "deferred": true,
    "gate": {
      "all": null,
      "calendarReadonly": null,
      "gmailReadonly": null,
      "none": null,
    },
    "name": "reminder.create",
    "requiresConfirmation": false,
    "risk": "low",
    "sideEffect": true,
  },
  {
    "deferred": true,
    "gate": {
      "all": null,
      "calendarReadonly": null,
      "gmailReadonly": null,
      "none": null,
    },
    "name": "reminder.delete",
    "requiresConfirmation": false,
    "risk": "low",
    "sideEffect": true,
  },
  {
    "deferred": true,
    "gate": {
      "all": null,
      "calendarReadonly": null,
      "gmailReadonly": null,
      "none": null,
    },
    "name": "reminder.done",
    "requiresConfirmation": false,
    "risk": "low",
    "sideEffect": true,
  },
  {
    "deferred": true,
    "gate": {
      "all": null,
      "calendarReadonly": null,
      "gmailReadonly": null,
      "none": null,
    },
    "name": "reminder.list",
    "requiresConfirmation": false,
    "risk": "low",
    "sideEffect": false,
  },
  {
    "deferred": true,
    "gate": {
      "all": null,
      "calendarReadonly": null,
      "gmailReadonly": null,
      "none": null,
    },
    "name": "reminder.snooze",
    "requiresConfirmation": false,
    "risk": "low",
    "sideEffect": true,
  },
  {
    "deferred": true,
    "gate": {
      "all": null,
      "calendarReadonly": null,
      "gmailReadonly": null,
      "none": null,
    },
    "name": "resource.allocate",
    "requiresConfirmation": false,
    "risk": "low",
    "sideEffect": true,
  },
  {
    "deferred": true,
    "gate": {
      "all": null,
      "calendarReadonly": null,
      "gmailReadonly": null,
      "none": null,
    },
    "name": "resource.capacity",
    "requiresConfirmation": false,
    "risk": "low",
    "sideEffect": false,
  },
  {
    "deferred": true,
    "gate": {
      "all": null,
      "calendarReadonly": null,
      "gmailReadonly": null,
      "none": null,
    },
    "name": "resource.optimize",
    "requiresConfirmation": false,
    "risk": "low",
    "sideEffect": false,
  },
  {
    "deferred": false,
    "gate": {
      "all": null,
      "calendarReadonly": null,
      "gmailReadonly": null,
      "none": null,
    },
    "name": "schedule.apply",
    "requiresConfirmation": false,
    "risk": "low",
    "sideEffect": true,
  },
  {
    "deferred": false,
    "gate": {
      "all": null,
      "calendarReadonly": null,
      "gmailReadonly": null,
      "none": null,
    },
    "name": "schedule.list",
    "requiresConfirmation": false,
    "risk": "low",
    "sideEffect": false,
  },
  {
    "deferred": false,
    "gate": {
      "all": null,
      "calendarReadonly": null,
      "gmailReadonly": null,
      "none": null,
    },
    "name": "schedule.next_slot",
    "requiresConfirmation": false,
    "risk": "low",
    "sideEffect": false,
  },
  {
    "deferred": false,
    "gate": {
      "all": null,
      "calendarReadonly": null,
      "gmailReadonly": null,
      "none": null,
    },
    "name": "schedule.suggest",
    "requiresConfirmation": false,
    "risk": "low",
    "sideEffect": true,
  },
  {
    "deferred": false,
    "gate": {
      "all": null,
      "calendarReadonly": null,
      "gmailReadonly": null,
      "none": null,
    },
    "name": "search.query",
    "requiresConfirmation": false,
    "risk": "low",
    "sideEffect": false,
  },
  {
    "deferred": false,
    "gate": {
      "all": null,
      "calendarReadonly": null,
      "gmailReadonly": null,
      "none": null,
    },
    "name": "shopping.add",
    "requiresConfirmation": false,
    "risk": "low",
    "sideEffect": true,
  },
  {
    "deferred": false,
    "gate": {
      "all": null,
      "calendarReadonly": null,
      "gmailReadonly": null,
      "none": null,
    },
    "name": "shopping.bought",
    "requiresConfirmation": false,
    "risk": "low",
    "sideEffect": true,
  },
  {
    "deferred": false,
    "gate": {
      "all": null,
      "calendarReadonly": null,
      "gmailReadonly": null,
      "none": null,
    },
    "name": "shopping.bought_all",
    "requiresConfirmation": false,
    "risk": "medium",
    "sideEffect": true,
  },
  {
    "deferred": false,
    "gate": {
      "all": null,
      "calendarReadonly": null,
      "gmailReadonly": null,
      "none": null,
    },
    "name": "shopping.bulk_bought",
    "requiresConfirmation": false,
    "risk": "medium",
    "sideEffect": true,
  },
  {
    "deferred": false,
    "gate": {
      "all": null,
      "calendarReadonly": null,
      "gmailReadonly": null,
      "none": null,
    },
    "name": "shopping.bulk_delete",
    "requiresConfirmation": true,
    "risk": "high",
    "sideEffect": true,
  },
  {
    "deferred": false,
    "gate": {
      "all": null,
      "calendarReadonly": null,
      "gmailReadonly": null,
      "none": null,
    },
    "name": "shopping.clear_all",
    "requiresConfirmation": true,
    "risk": "high",
    "sideEffect": true,
  },
  {
    "deferred": false,
    "gate": {
      "all": null,
      "calendarReadonly": null,
      "gmailReadonly": null,
      "none": null,
    },
    "name": "shopping.clear_bought",
    "requiresConfirmation": true,
    "risk": "high",
    "sideEffect": true,
  },
  {
    "deferred": false,
    "gate": {
      "all": null,
      "calendarReadonly": null,
      "gmailReadonly": null,
      "none": null,
    },
    "name": "shopping.delete",
    "requiresConfirmation": true,
    "risk": "high",
    "sideEffect": true,
  },
  {
    "deferred": false,
    "gate": {
      "all": null,
      "calendarReadonly": null,
      "gmailReadonly": null,
      "none": null,
    },
    "name": "shopping.list",
    "requiresConfirmation": false,
    "risk": "low",
    "sideEffect": false,
  },
  {
    "deferred": false,
    "gate": {
      "all": null,
      "calendarReadonly": null,
      "gmailReadonly": null,
      "none": null,
    },
    "name": "shopping.unbought",
    "requiresConfirmation": false,
    "risk": "low",
    "sideEffect": true,
  },
  {
    "deferred": false,
    "gate": {
      "all": null,
      "calendarReadonly": null,
      "gmailReadonly": null,
      "none": null,
    },
    "name": "shopping.update",
    "requiresConfirmation": false,
    "risk": "low",
    "sideEffect": true,
  },
  {
    "deferred": false,
    "gate": {
      "all": null,
      "calendarReadonly": null,
      "gmailReadonly": null,
      "none": null,
    },
    "name": "time.record",
    "requiresConfirmation": false,
    "risk": "low",
    "sideEffect": true,
  },
  {
    "deferred": false,
    "gate": {
      "all": null,
      "calendarReadonly": null,
      "gmailReadonly": null,
      "none": null,
    },
    "name": "time.summary",
    "requiresConfirmation": false,
    "risk": "low",
    "sideEffect": false,
  },
  {
    "deferred": false,
    "gate": {
      "all": null,
      "calendarReadonly": null,
      "gmailReadonly": null,
      "none": null,
    },
    "name": "todo.add",
    "requiresConfirmation": false,
    "risk": "low",
    "sideEffect": true,
  },
  {
    "deferred": false,
    "gate": {
      "all": null,
      "calendarReadonly": null,
      "gmailReadonly": null,
      "none": null,
    },
    "name": "todo.bulk_delete",
    "requiresConfirmation": true,
    "risk": "high",
    "sideEffect": true,
  },
  {
    "deferred": false,
    "gate": {
      "all": null,
      "calendarReadonly": null,
      "gmailReadonly": null,
      "none": null,
    },
    "name": "todo.bulk_done",
    "requiresConfirmation": false,
    "risk": "medium",
    "sideEffect": true,
  },
  {
    "deferred": false,
    "gate": {
      "all": null,
      "calendarReadonly": null,
      "gmailReadonly": null,
      "none": null,
    },
    "name": "todo.clear_all",
    "requiresConfirmation": true,
    "risk": "high",
    "sideEffect": true,
  },
  {
    "deferred": false,
    "gate": {
      "all": null,
      "calendarReadonly": null,
      "gmailReadonly": null,
      "none": null,
    },
    "name": "todo.clear_done",
    "requiresConfirmation": true,
    "risk": "high",
    "sideEffect": true,
  },
  {
    "deferred": false,
    "gate": {
      "all": null,
      "calendarReadonly": null,
      "gmailReadonly": null,
      "none": null,
    },
    "name": "todo.delete",
    "requiresConfirmation": true,
    "risk": "high",
    "sideEffect": true,
  },
  {
    "deferred": false,
    "gate": {
      "all": null,
      "calendarReadonly": null,
      "gmailReadonly": null,
      "none": null,
    },
    "name": "todo.done",
    "requiresConfirmation": false,
    "risk": "low",
    "sideEffect": true,
  },
  {
    "deferred": false,
    "gate": {
      "all": null,
      "calendarReadonly": null,
      "gmailReadonly": null,
      "none": null,
    },
    "name": "todo.done_all",
    "requiresConfirmation": false,
    "risk": "medium",
    "sideEffect": true,
  },
  {
    "deferred": false,
    "gate": {
      "all": null,
      "calendarReadonly": null,
      "gmailReadonly": null,
      "none": null,
    },
    "name": "todo.list",
    "requiresConfirmation": false,
    "risk": "low",
    "sideEffect": false,
  },
  {
    "deferred": false,
    "gate": {
      "all": null,
      "calendarReadonly": null,
      "gmailReadonly": null,
      "none": null,
    },
    "name": "todo.reopen",
    "requiresConfirmation": false,
    "risk": "low",
    "sideEffect": true,
  },
  {
    "deferred": false,
    "gate": {
      "all": null,
      "calendarReadonly": null,
      "gmailReadonly": null,
      "none": null,
    },
    "name": "todo.update",
    "requiresConfirmation": false,
    "risk": "low",
    "sideEffect": true,
  },
  {
    "deferred": false,
    "gate": {
      "all": null,
      "calendarReadonly": null,
      "gmailReadonly": null,
      "none": null,
    },
    "name": "undo.last_action",
    "requiresConfirmation": true,
    "risk": "medium",
    "sideEffect": true,
  },
  {
    "deferred": false,
    "gate": {
      "all": null,
      "calendarReadonly": null,
      "gmailReadonly": null,
      "none": null,
    },
    "name": "weather.forecast",
    "requiresConfirmation": false,
    "risk": "low",
    "sideEffect": false,
  },
  {
    "deferred": false,
    "gate": {
      "all": null,
      "calendarReadonly": null,
      "gmailReadonly": null,
      "none": null,
    },
    "name": "web.open",
    "requiresConfirmation": false,
    "risk": "low",
    "sideEffect": false,
  },
  {
    "deferred": false,
    "gate": {
      "all": null,
      "calendarReadonly": null,
      "gmailReadonly": null,
      "none": null,
    },
    "name": "web.search",
    "requiresConfirmation": false,
    "risk": "low",
    "sideEffect": false,
  },
  {
    "deferred": false,
    "gate": {
      "all": null,
      "calendarReadonly": null,
      "gmailReadonly": null,
      "none": null,
    },
    "name": "workflow.list",
    "requiresConfirmation": false,
    "risk": "low",
    "sideEffect": false,
  },
]
`;
